This is LuaHBTeX, Version 1.24.0 (TeX Live 2026)  (format=lualatex 2026.5.18)  21 MAY 2026 23:12
 restricted system commands enabled.
 file:line:error style messages enabled.
**/home/sarf137inverse/sharp-physics-p1/src/sharp-physics-p1/src/main
(/home/sarf137inverse/sharp-physics-p1/src/sharp-physics-p1/src/main.tex
LaTeX2e <2025-11-01>
L3 programming layer <2026-04-28>
Lua module: luaotfload 2024-12-03 v3.29 Lua based OpenType font support
Lua module: lualibs 2023-07-13 v2.76 ConTeXt Lua standard libraries.
Lua module: lualibs-extended 2023-07-13 v2.76 ConTeXt Lua libraries -- extended collection.
luaotfload | conf : Root cache directory is "/home/sarf137inverse/.texlive2026/texmf-var/luatex-cache/generic/names".
luaotfload | init : Loading fontloader "fontloader-2023-12-28.lua" from kpse-resolved path "/usr/local/texlive/2026/texmf-dist/tex/luatex/luaotfload/fontloader-2023-12-28.lua".
Lua-only attribute luaotfload@noligature = 1
luaotfload | init : Context OpenType loader version 3.134
Inserting `luaotfload.node_processor' in `pre_linebreak_filter'.
Inserting `luaotfload.node_processor' in `hpack_filter'.
Inserting `luaotfload.glyph_stream' in `glyph_stream_provider'.
Inserting `luaotfload.define_font' in `define_font'.
Lua-only attribute luaotfload_color_attribute = 2
luaotfload | conf : Root cache directory is "/home/sarf137inverse/.texlive2026/texmf-var/luatex-cache/generic/names".
Inserting `luaotfload.harf.strip_prefix' in `find_opentype_file'.
Inserting `luaotfload.harf.strip_prefix' in `find_truetype_file'.
Removing  `luaotfload.glyph_stream' from `glyph_stream_provider'.
Inserting `luaotfload.harf.glyphstream' in `glyph_stream_provider'.
Inserting `luaotfload.harf.finalize_vlist' in `post_linebreak_filter'.
Inserting `luaotfload.harf.finalize_hlist' in `hpack_filter'.
Inserting `luaotfload.cleanup_files' in `wrapup_run'.
Inserting `luaotfload.harf.finalize_unicode' in `finish_pdffile'.
Inserting `luaotfload.glyphinfo' in `glyph_info'.
Lua-only attribute luaotfload.letterspace_done = 3
Inserting `luaotfload.aux.set_sscale_dimens' in `luaotfload.patch_font'.
Inserting `luaotfload.aux.set_font_index' in `luaotfload.patch_font'.
Inserting `luaotfload.aux.patch_cambria_domh' in `luaotfload.patch_font'.
Inserting `luaotfload.aux.fixup_fontdata' in `luaotfload.patch_font_unsafe'.
Inserting `luaotfload.aux.set_capheight' in `luaotfload.patch_font'.
Inserting `luaotfload.aux.set_xheight' in `luaotfload.patch_font'.
Inserting `luaotfload.rewrite_fontname' in `luaotfload.patch_font'.
Inserting `tracingstacklevels' in `input_level_string'. (/usr/local/texlive/2026/texmf-dist/tex/latex/base/book.cls
Document Class: book 2025/01/22 v1.4n Standard LaTeX document class
(/usr/local/texlive/2026/texmf-dist/tex/latex/base/bk12.clo
File: bk12.clo 2025/01/22 v1.4n Standard LaTeX file (size option)
luaotfload | db : Font names database loaded from /home/sarf137inverse/.texlive2026/texmf-var/luatex-cache/generic/names/luaotfload-names.luc.gz)
\c@part=\count274
\c@chapter=\count275
\c@section=\count276
\c@subsection=\count277
\c@subsubsection=\count278
\c@paragraph=\count279
\c@subparagraph=\count280
\c@figure=\count281
\c@table=\count282
\abovecaptionskip=\skip49
\belowcaptionskip=\skip50
\bibindent=\dimen149
) (./preamble.tex (/usr/local/texlive/2026/texmf-dist/tex/latex/fontspec/fontspec.sty (/usr/local/texlive/2026/texmf-dist/tex/latex/l3packages/xparse/xparse.sty (/usr/local/texlive/2026/texmf-dist/tex/latex/l3kernel/expl3.sty
Package: expl3 2026-04-28 L3 programming layer (loader) 
 (/usr/local/texlive/2026/texmf-dist/tex/latex/l3backend/l3backend-luatex.def
File: l3backend-luatex.def 2026-02-18 L3 backend support: PDF output (LuaTeX)
\l__color_backend_stack_int=\count283
Inserting `l3color' in `luaotfload.parse_color'.))
Package: xparse 2025-10-09 L3 Experimental document command parser
)
Package: fontspec 2025/09/29 v2.9g Font selection for XeLaTeX and LuaLaTeX
Lua module: fontspec 2025/09/29 v2.9g Font selection for XeLaTeX and LuaLaTeX (/usr/local/texlive/2026/texmf-dist/tex/latex/fontspec/fontspec-luatex.sty
Package: fontspec-luatex 2025/09/29 v2.9g Font selection for XeLaTeX and LuaLaTeX
\l__fontspec_script_int=\count284
\l__fontspec_language_int=\count285
\l__fontspec_strnum_int=\count286
\l__fontspec_tmp_int=\count287
\l__fontspec_tmpa_int=\count288
\l__fontspec_tmpb_int=\count289
\l__fontspec_tmpc_int=\count290
\l__fontspec_em_int=\count291
\l__fontspec_emdef_int=\count292
\l__fontspec_strong_int=\count293
\l__fontspec_strongdef_int=\count294
\l__fontspec_tmpa_dim=\dimen150
\l__fontspec_tmpb_dim=\dimen151
\l__fontspec_tmpc_dim=\dimen152
 (/usr/local/texlive/2026/texmf-dist/tex/latex/base/fontenc.sty
Package: fontenc 2025/07/18 v2.1d Standard LaTeX package
) (/usr/local/texlive/2026/texmf-dist/tex/latex/fontspec/fontspec.cfg))) (/usr/local/texlive/2026/texmf-dist/tex/latex/polyglossia/polyglossia.sty
Package: polyglossia 2026/04/18 v2.10 Modern multilingual typesetting with XeLaTeX and LuaLaTeX
 (/usr/local/texlive/2026/texmf-dist/tex/latex/etoolbox/etoolbox.sty
Package: etoolbox 2025/10/02 v2.5m e-TeX tools for LaTeX (JAW)
\etb@tempcnta=\count295
) (/usr/local/texlive/2026/texmf-dist/tex/generic/iftex/iftex.sty
Package: iftex 2024/12/12 v1.0g TeX engine tests
)
Lua module: polyglossia 2013/05/11 v1.3 Polyglossia
\l_xpg_alias_keyvals_int=\count296
 (/usr/local/texlive/2026/texmf-dist/tex/latex/polyglossia/gloss-latex.ldf
File: gloss-latex.ldf polyglossia: module for default language
)

Package polyglossia Info: Setting LuaTeX font renderer to Harfbuzz

) (/usr/local/texlive/2026/texmf-dist/tex/latex/polyglossia/gloss-bengali.ldf
File: gloss-bengali.ldf polyglossia: module for Bengali
 (/usr/local/texlive/2026/texmf-dist/tex/latex/polyglossia/devanagaridigits.sty
Package: devanagaridigits 2010/04/01 v0.1 Formatting of Devanagari digits
) (/usr/local/texlive/2026/texmf-dist/tex/latex/polyglossia/bengalidigits.sty
Package: bengalidigits 2015/08/07 v.02Formatting of Bengali digits
)

/usr/local/texlive/2026/texmf-dist/tex/latex/polyglossia/gloss-bengali.ldf:9: LaTeX Error: Missing \begin{document}.

See the LaTeX manual or LaTeX Companion for explanation.
Type  H <return>  for immediate help.
 ...                                              
                                                  
l.9 \RequirePackage{bengalidigits}m
                                   kdir -p ~/texmf/tex/generic/hyph-utf8/pat...
You're in trouble here.  Try typing  <return>  to proceed.
If that doesn't work, type  X <return>  to quit.

/usr/local/texlive/2026/texmf-dist/tex/latex/polyglossia/gloss-bengali.ldf:9: Misplaced alignment tab character &.
l.9 ...texmf/tex/generic/hyph-utf8/patterns/tex/ &
                                                  & cat << 'EOF' > ~/texmf/t...
I can't figure out why you would want to use a tab mark
here. If you just want an ampersand, the remedy is
simple: Just type `I\&' now. But if some right brace
up above has ended a previous alignment prematurely,
you're probably due for more error messages, and you
might try typing `S' now just to see what is salvageable.

/usr/local/texlive/2026/texmf-dist/tex/latex/polyglossia/gloss-bengali.ldf:9: Misplaced alignment tab character &.
l.9 ...exmf/tex/generic/hyph-utf8/patterns/tex/ &&
                                                   cat << 'EOF' > ~/texmf/te...
I can't figure out why you would want to use a tab mark
here. If you just want an ampersand, the remedy is
simple: Just type `I\&' now. But if some right brace
up above has ended a previous alignment prematurely,
you're probably due for more error messages, and you
might try typing `S' now just to see what is salvageable.


Overfull \hbox (15.23483pt too wide) in paragraph at lines 9--26
\TU/lmr/m/n/12 /texmf/tex/generic/hyph-utf8/pat-terns/tex/hyph-bn.tex  EOF tex-hash  /texmf 
 []

Module polyglossia Info: Language bengali not found in language.dat.lua on input line 39
Module polyglossia Info: Language bengali not found in language.dat.lua on input line 39

Package polyglossia Warning: No hyphenation patterns were loaded for `bengali'
(polyglossia)                I will use \language=\l@nohyphenation instead.

\l@bengali = a dialect from \language\l@nohyphenation 
)

Package polyglossia Info: Default language is bengali

 (/usr/local/texlive/2026/texmf-dist/tex/latex/polyglossia/gloss-english.ldf
File: gloss-english.ldf polyglossia: module for English
)

Package fontspec Info: 
(fontspec)             Font family 'NotoSerifBengali-Variable.ttf(0)' created
(fontspec)             for font 'NotoSerifBengali-Variable.ttf' with options
(fontspec)             [Renderer=Harfbuzz,Script=Bengali,Path=Fonts/Bangla/,UprightFont=NotoSerifBengali-Variable.ttf,BoldFont=NotoSerifBengali-Variable.ttf,UprightFeatures={RawFeature={+wght=400}},BoldFeatures={RawFeature={+wght=700}},FontFace={l}{n}{Font=NotoSerifBengali-Variable.ttf,
(fontspec)             RawFeature={+wght=300}},FontFace={mb}{n}{Font=NotoSerifBengali-Variable.ttf,
(fontspec)             RawFeature={+wght=500}},FontFace={sb}{n}{Font=NotoSerifBengali-Variable.ttf,
(fontspec)             RawFeature={+wght=600}},FontFace={eb}{n}{Font=NotoSerifBengali-Variable.ttf,
(fontspec)             RawFeature={+wght=800}},FontFace={ub}{n}{Font=NotoSerifBengali-Variable.ttf,
(fontspec)             RawFeature={+wght=900}}].
(fontspec)              
(fontspec)              This font family consists of the following NFSS
(fontspec)             series/shapes:
(fontspec)              
(fontspec)             - (l/n) with NFSS spec.:
(fontspec)             <->"[Fonts/Bangla/NotoSerifBengali-Variable.ttf]:mode=harf;script=bng2;language=dflt;+wght=300;"
(fontspec)             - (mb/n) with NFSS spec.:
(fontspec)             <->"[Fonts/Bangla/NotoSerifBengali-Variable.ttf]:mode=harf;script=bng2;language=dflt;+wght=500;"
(fontspec)             - (sb/n) with NFSS spec.:
(fontspec)             <->"[Fonts/Bangla/NotoSerifBengali-Variable.ttf]:mode=harf;script=bng2;language=dflt;+wght=600;"
(fontspec)             - (eb/n) with NFSS spec.:
(fontspec)             <->"[Fonts/Bangla/NotoSerifBengali-Variable.ttf]:mode=harf;script=bng2;language=dflt;+wght=800;"
(fontspec)             - (ub/n) with NFSS spec.:
(fontspec)             <->"[Fonts/Bangla/NotoSerifBengali-Variable.ttf]:mode=harf;script=bng2;language=dflt;+wght=900;"
(fontspec)             - 'normal' (m/n) with NFSS spec.:
(fontspec)             <->"[Fonts/Bangla/NotoSerifBengali-Variable.ttf]:mode=harf;script=bng2;language=dflt;+wght=400;"
(fontspec)             - 'bold' (b/n) with NFSS spec.:
(fontspec)             <->"[Fonts/Bangla/NotoSerifBengali-Variable.ttf]:mode=harf;script=bng2;language=dflt;+wght=700;"


Package fontspec Info: 
(fontspec)             Font family 'SourceSerif4-Variable.ttf(0)' created for
(fontspec)             font 'SourceSerif4-Variable.ttf' with options
(fontspec)             [Renderer=Harfbuzz,Path=Fonts/English/,UprightFont=SourceSerif4-Variable.ttf,BoldFont=SourceSerif4-Variable.ttf,ItalicFont=SourceSerif4-Variable.ttf,BoldItalicFont=SourceSerif4-Variable.ttf,UprightFeatures={RawFeature={+wght=400,+opsz=12}},BoldFeatures={RawFeature={+wght=700,+opsz=12}},ItalicFeatures={RawFeature={+wght=400,+ital=1,+opsz=12}},BoldItalicFeatures={RawFeature={+wght=700,+ital=1,+opsz=12}},FontFace={l}{n}{Font=SourceSerif4-Variable.ttf,
(fontspec)             RawFeature={+wght=300,+opsz=12}},FontFace={mb}{n}{Font=SourceSerif4-Variable.ttf,
(fontspec)             RawFeature={+wght=500,+opsz=12}},FontFace={sb}{n}{Font=SourceSerif4-Variable.ttf,
(fontspec)             RawFeature={+wght=600,+opsz=12}},FontFace={eb}{n}{Font=SourceSerif4-Variable.ttf,
(fontspec)             RawFeature={+wght=800,+opsz=12}},FontFace={ub}{n}{Font=SourceSerif4-Variable.ttf,
(fontspec)             RawFeature={+wght=900,+opsz=12}}].
(fontspec)              
(fontspec)              This font family consists of the following NFSS
(fontspec)             series/shapes:
(fontspec)              
(fontspec)             - (l/n) with NFSS spec.:
(fontspec)             <->"[Fonts/English/SourceSerif4-Variable.ttf]:mode=harf;script=latn;language=dflt;+wght=300,+opsz=12;"
(fontspec)             -  (l/sc) with NFSS spec.:
(fontspec)             <->"[Fonts/English/SourceSerif4-Variable.ttf]:mode=harf;script=latn;language=dflt;+wght=300,+opsz=12;+smcp;"
(fontspec)             - (mb/n) with NFSS spec.:
(fontspec)             <->"[Fonts/English/SourceSerif4-Variable.ttf]:mode=harf;script=latn;language=dflt;+wght=500,+opsz=12;"
(fontspec)             -  (mb/sc) with NFSS spec.:
(fontspec)             <->"[Fonts/English/SourceSerif4-Variable.ttf]:mode=harf;script=latn;language=dflt;+wght=500,+opsz=12;+smcp;"
(fontspec)             - (sb/n) with NFSS spec.:
(fontspec)             <->"[Fonts/English/SourceSerif4-Variable.ttf]:mode=harf;script=latn;language=dflt;+wght=600,+opsz=12;"
(fontspec)             -  (sb/sc) with NFSS spec.:
(fontspec)             <->"[Fonts/English/SourceSerif4-Variable.ttf]:mode=harf;script=latn;language=dflt;+wght=600,+opsz=12;+smcp;"
(fontspec)             - (eb/n) with NFSS spec.:
(fontspec)             <->"[Fonts/English/SourceSerif4-Variable.ttf]:mode=harf;script=latn;language=dflt;+wght=800,+opsz=12;"
(fontspec)             -  (eb/sc) with NFSS spec.:
(fontspec)             <->"[Fonts/English/SourceSerif4-Variable.ttf]:mode=harf;script=latn;language=dflt;+wght=800,+opsz=12;+smcp;"
(fontspec)             - (ub/n) with NFSS spec.:
(fontspec)             <->"[Fonts/English/SourceSerif4-Variable.ttf]:mode=harf;script=latn;language=dflt;+wght=900,+opsz=12;"
(fontspec)             -  (ub/sc) with NFSS spec.:
(fontspec)             <->"[Fonts/English/SourceSerif4-Variable.ttf]:mode=harf;script=latn;language=dflt;+wght=900,+opsz=12;+smcp;"
(fontspec)             - 'normal' (m/n) with NFSS spec.:
(fontspec)             <->"[Fonts/English/SourceSerif4-Variable.ttf]:mode=harf;script=latn;language=dflt;+wght=400,+opsz=12;"
(fontspec)             - 'small caps'  (m/sc) with NFSS spec.:
(fontspec)             <->"[Fonts/English/SourceSerif4-Variable.ttf]:mode=harf;script=latn;language=dflt;+wght=400,+opsz=12;+smcp;"
(fontspec)             - 'bold' (b/n) with NFSS spec.:
(fontspec)             <->"[Fonts/English/SourceSerif4-Variable.ttf]:mode=harf;script=latn;language=dflt;+wght=700,+opsz=12;"
(fontspec)             - 'bold small caps'  (b/sc) with NFSS spec.:
(fontspec)             <->"[Fonts/English/SourceSerif4-Variable.ttf]:mode=harf;script=latn;language=dflt;+wght=700,+opsz=12;+smcp;"
(fontspec)             - 'italic' (m/it) with NFSS spec.:
(fontspec)             <->"[Fonts/English/SourceSerif4-Variable.ttf]:mode=harf;script=latn;language=dflt;+wght=400,+ital=1,+opsz=12;"
(fontspec)             - 'italic small caps'  (m/scit) with NFSS spec.:
(fontspec)             <->"[Fonts/English/SourceSerif4-Variable.ttf]:mode=harf;script=latn;language=dflt;+wght=400,+ital=1,+opsz=12;+smcp;"
(fontspec)             - 'bold italic' (b/it) with NFSS spec.:
(fontspec)             <->"[Fonts/English/SourceSerif4-Variable.ttf]:mode=harf;script=latn;language=dflt;+wght=700,+ital=1,+opsz=12;"
(fontspec)             - 'bold italic small caps'  (b/scit) with NFSS spec.:
(fontspec)             <->"[Fonts/English/SourceSerif4-Variable.ttf]:mode=harf;script=latn;language=dflt;+wght=700,+ital=1,+opsz=12;+smcp;"



! LaTeX Error: File `silence.sty' not found.

Type X to quit or <RETURN> to proceed,
or enter new name. (Default extension: sty)

Enter file name: 
./preamble.tex:59: Emergency stop.
<read *> 
         
l.59 \WarningFilter
                   {hyperref}{Token not allowed in a PDF string}
*** (cannot \read from terminal in nonstop modes)



Here is how much of LuaTeX's memory you used:
 4024 strings out of 475892
 100000,662416 words of node,token memory allocated 1609 words of node memory still in use:
   5 hlist, 1 rule, 7 disc, 1 local_par, 1 dir, 18 glue, 6 kern, 4 penalty, 138 glyph, 6 attribute, 48 glue_spec, 6 attribute_list, 1 write nodes
   avail lists: 2:6,3:1,4:2,5:7,7:3,9:2,10:1
 26677 multiletter control sequences out of 65536+600000
 22 fonts using 1891875 bytes
 78i,0n,94p,454b,275s stack positions out of 10000i,1000n,20000p,200000b,200000s
./preamble.tex:59:  ==> Fatal error occurred, no output PDF file produced!
